../Core/Src/stm32l4xx_it.c:82:6:NMI_Handler	4	static
../Core/Src/stm32l4xx_it.c:97:6:HardFault_Handler	4	static
../Core/Src/stm32l4xx_it.c:112:6:MemManage_Handler	4	static
../Core/Src/stm32l4xx_it.c:127:6:BusFault_Handler	4	static
../Core/Src/stm32l4xx_it.c:142:6:UsageFault_Handler	4	static
../Core/Src/stm32l4xx_it.c:157:6:SVC_Handler	4	static
../Core/Src/stm32l4xx_it.c:170:6:DebugMon_Handler	4	static
../Core/Src/stm32l4xx_it.c:183:6:PendSV_Handler	4	static
../Core/Src/stm32l4xx_it.c:196:6:SysTick_Handler	32	static
../Core/Src/stm32l4xx_it.c:256:6:ADC1_2_IRQHandler	8	static
../Core/Src/stm32l4xx_it.c:271:6:EXTI15_10_IRQHandler	8	static
